Analysis & Synthesis report for pbl3
Wed Jul 24 16:31:33 2024
Quartus Prime Version 20.1.1 Build 720 11/11/2020 SJ Lite Edition


---------------------
; Table of Contents ;
---------------------
  1. Legal Notice
  2. Analysis & Synthesis Summary
  3. Analysis & Synthesis Settings
  4. Parallel Compilation
  5. Analysis & Synthesis Source Files Read
  6. Analysis & Synthesis Resource Usage Summary
  7. Analysis & Synthesis Resource Utilization by Entity
  8. State Machine - |main|mef_adub_limp:comb_22|state
  9. State Machine - |main|mef_tiporega:comb_21|state
 10. Registers Removed During Synthesis
 11. General Register Statistics
 12. Multiplexer Restructuring Statistics (Restructuring Performed)
 13. Parameter Settings for User Entity Instance: mef_tiporega:comb_21
 14. Parameter Settings for User Entity Instance: mef_adub_limp:comb_22
 15. Port Connectivity Checks: "Seletor_Imagem:comb_19|decode_simb:comb_14"
 16. Port Connectivity Checks: "Seletor_Imagem:comb_19|decode_cxa:comb_13"
 17. Port Connectivity Checks: "Seletor_Imagem:comb_19|decode:comb_12"
 18. Port Connectivity Checks: "Seletor_Imagem:comb_19|decode:comb_11"
 19. Port Connectivity Checks: "Seletor_Imagem:comb_19|cont_mod4:comb_5"
 20. Port Connectivity Checks: "Seletor_Imagem:comb_19|demux_1x4:comb_4"
 21. Port Connectivity Checks: "cont_mod4:comb_18|fft_rst:comb_8"
 22. Port Connectivity Checks: "DivisorClock:comb_9|fft:comb_4"
 23. Port Connectivity Checks: "DivisorClock:comb_9|fft:comb_3"
 24. Port Connectivity Checks: "DivisorClock:comb_9|fft:div_4194304"
 25. Port Connectivity Checks: "DivisorClock:comb_9|fft:div_2097152"
 26. Port Connectivity Checks: "DivisorClock:comb_9|fft:div_1048576"
 27. Port Connectivity Checks: "DivisorClock:comb_9|fft:div_524288"
 28. Port Connectivity Checks: "DivisorClock:comb_9|fft:div_262144"
 29. Port Connectivity Checks: "DivisorClock:comb_9|fft:div_131072"
 30. Port Connectivity Checks: "DivisorClock:comb_9|fft:div_65536"
 31. Port Connectivity Checks: "DivisorClock:comb_9|fft:div_32768"
 32. Port Connectivity Checks: "DivisorClock:comb_9|fft:div_16384"
 33. Port Connectivity Checks: "DivisorClock:comb_9|fft:div_8192"
 34. Port Connectivity Checks: "DivisorClock:comb_9|fft:div_4096"
 35. Port Connectivity Checks: "DivisorClock:comb_9|fft:div_2048"
 36. Port Connectivity Checks: "DivisorClock:comb_9|fft:div_1024"
 37. Port Connectivity Checks: "DivisorClock:comb_9|fft:div_512"
 38. Port Connectivity Checks: "DivisorClock:comb_9|fft:div_256"
 39. Port Connectivity Checks: "DivisorClock:comb_9|fft:div_128"
 40. Port Connectivity Checks: "DivisorClock:comb_9|fft:div_64"
 41. Port Connectivity Checks: "DivisorClock:comb_9|fft:div_32"
 42. Port Connectivity Checks: "DivisorClock:comb_9|fft:div_16"
 43. Port Connectivity Checks: "DivisorClock:comb_9|fft:div_8"
 44. Port Connectivity Checks: "DivisorClock:comb_9|fft:div_4"
 45. Port Connectivity Checks: "DivisorClock:comb_9|fft:div_2"
 46. Analysis & Synthesis Messages



----------------
; Legal Notice ;
----------------
Copyright (C) 2020  Intel Corporation. All rights reserved.
Your use of Intel Corporation's design tools, logic functions 
and other software and tools, and any partner logic 
functions, and any output files from any of the foregoing 
(including device programming or simulation files), and any 
associated documentation or information are expressly subject 
to the terms and conditions of the Intel Program License 
Subscription Agreement, the Intel Quartus Prime License Agreement,
the Intel FPGA IP License Agreement, or other applicable license
agreement, including, without limitation, that your use is for
the sole purpose of programming logic devices manufactured by
Intel and sold by Intel or its authorized distributors.  Please
refer to the applicable agreement for further details, at
https://fpgasoftware.intel.com/eula.



+---------------------------------------------------------------------------+
; Analysis & Synthesis Summary                                              ;
+-----------------------------+---------------------------------------------+
; Analysis & Synthesis Status ; Successful - Wed Jul 24 16:31:33 2024       ;
; Quartus Prime Version       ; 20.1.1 Build 720 11/11/2020 SJ Lite Edition ;
; Revision Name               ; pbl3                                        ;
; Top-level Entity Name       ; main                                        ;
; Family                      ; MAX II                                      ;
; Total logic elements        ; 59                                          ;
; Total pins                  ; 27                                          ;
; Total virtual pins          ; 0                                           ;
; UFM blocks                  ; 0 / 1 ( 0 % )                               ;
+-----------------------------+---------------------------------------------+


+------------------------------------------------------------------------------------------------------------+
; Analysis & Synthesis Settings                                                                              ;
+------------------------------------------------------------------+--------------------+--------------------+
; Option                                                           ; Setting            ; Default Value      ;
+------------------------------------------------------------------+--------------------+--------------------+
; Device                                                           ; EPM240T100C5       ;                    ;
; Top-level entity name                                            ; main               ; pbl3               ;
; Family name                                                      ; MAX II             ; Cyclone V          ;
; Use smart compilation                                            ; Off                ; Off                ;
; Enable parallel Assembler and Timing Analyzer during compilation ; On                 ; On                 ;
; Enable compact report table                                      ; Off                ; Off                ;
; Restructure Multiplexers                                         ; Auto               ; Auto               ;
; Create Debugging Nodes for IP Cores                              ; Off                ; Off                ;
; Preserve fewer node names                                        ; On                 ; On                 ;
; Intel FPGA IP Evaluation Mode                                    ; Enable             ; Enable             ;
; Verilog Version                                                  ; Verilog_2001       ; Verilog_2001       ;
; VHDL Version                                                     ; VHDL_1993          ; VHDL_1993          ;
; State Machine Processing                                         ; Auto               ; Auto               ;
; Safe State Machine                                               ; Off                ; Off                ;
; Extract Verilog State Machines                                   ; On                 ; On                 ;
; Extract VHDL State Machines                                      ; On                 ; On                 ;
; Ignore Verilog initial constructs                                ; Off                ; Off                ;
; Iteration limit for constant Verilog loops                       ; 5000               ; 5000               ;
; Iteration limit for non-constant Verilog loops                   ; 250                ; 250                ;
; Add Pass-Through Logic to Inferred RAMs                          ; On                 ; On                 ;
; Infer RAMs from Raw Logic                                        ; On                 ; On                 ;
; Parallel Synthesis                                               ; On                 ; On                 ;
; NOT Gate Push-Back                                               ; On                 ; On                 ;
; Power-Up Don't Care                                              ; On                 ; On                 ;
; Remove Redundant Logic Cells                                     ; Off                ; Off                ;
; Remove Duplicate Registers                                       ; On                 ; On                 ;
; Ignore CARRY Buffers                                             ; Off                ; Off                ;
; Ignore CASCADE Buffers                                           ; Off                ; Off                ;
; Ignore GLOBAL Buffers                                            ; Off                ; Off                ;
; Ignore ROW GLOBAL Buffers                                        ; Off                ; Off                ;
; Ignore LCELL Buffers                                             ; Off                ; Off                ;
; Ignore SOFT Buffers                                              ; On                 ; On                 ;
; Limit AHDL Integers to 32 Bits                                   ; Off                ; Off                ;
; Optimization Technique                                           ; Balanced           ; Balanced           ;
; Carry Chain Length                                               ; 70                 ; 70                 ;
; Auto Carry Chains                                                ; On                 ; On                 ;
; Auto Open-Drain Pins                                             ; On                 ; On                 ;
; Perform WYSIWYG Primitive Resynthesis                            ; Off                ; Off                ;
; Auto Shift Register Replacement                                  ; Auto               ; Auto               ;
; Allow Shift Register Merging across Hierarchies                  ; Auto               ; Auto               ;
; Auto Clock Enable Replacement                                    ; On                 ; On                 ;
; Allow Synchronous Control Signals                                ; On                 ; On                 ;
; Force Use of Synchronous Clear Signals                           ; Off                ; Off                ;
; Auto Resource Sharing                                            ; Off                ; Off                ;
; Use LogicLock Constraints during Resource Balancing              ; On                 ; On                 ;
; Ignore translate_off and synthesis_off directives                ; Off                ; Off                ;
; Report Parameter Settings                                        ; On                 ; On                 ;
; Report Source Assignments                                        ; On                 ; On                 ;
; Report Connectivity Checks                                       ; On                 ; On                 ;
; Ignore Maximum Fan-Out Assignments                               ; Off                ; Off                ;
; Synchronization Register Chain Length                            ; 2                  ; 2                  ;
; Power Optimization During Synthesis                              ; Normal compilation ; Normal compilation ;
; HDL message level                                                ; Level2             ; Level2             ;
; Suppress Register Optimization Related Messages                  ; Off                ; Off                ;
; Number of Removed Registers Reported in Synthesis Report         ; 5000               ; 5000               ;
; Number of Swept Nodes Reported in Synthesis Report               ; 5000               ; 5000               ;
; Number of Inverted Registers Reported in Synthesis Report        ; 100                ; 100                ;
; Clock MUX Protection                                             ; On                 ; On                 ;
; Block Design Naming                                              ; Auto               ; Auto               ;
; Synthesis Effort                                                 ; Auto               ; Auto               ;
; Shift Register Replacement - Allow Asynchronous Clear Signal     ; On                 ; On                 ;
; Analysis & Synthesis Message Level                               ; Medium             ; Medium             ;
; Disable Register Merging Across Hierarchies                      ; Auto               ; Auto               ;
+------------------------------------------------------------------+--------------------+--------------------+


+------------------------------------------+
; Parallel Compilation                     ;
+----------------------------+-------------+
; Processors                 ; Number      ;
+----------------------------+-------------+
; Number detected on machine ; 6           ;
; Maximum allowed            ; 6           ;
;                            ;             ;
; Average used               ; 1.00        ;
; Maximum used               ; 1           ;
;                            ;             ;
; Usage by Processor         ; % Time Used ;
;     Processor 1            ; 100.0%      ;
+----------------------------+-------------+


+-------------------------------------------------------------------------------------------------------------------------------------------------------+
; Analysis & Synthesis Source Files Read                                                                                                                ;
+----------------------------------+-----------------+------------------------------+---------------------------------------------------------+---------+
; File Name with User-Entered Path ; Used in Netlist ; File Type                    ; File Name with Absolute Path                            ; Library ;
+----------------------------------+-----------------+------------------------------+---------------------------------------------------------+---------+
; Irrigacao.v                      ; yes             ; User Verilog HDL File        ; /home/aluno/Downloads/RegaAutomaticav3/Irrigacao.v      ;         ;
; mef_tiporega.v                   ; yes             ; User Verilog HDL File        ; /home/aluno/Downloads/RegaAutomaticav3/mef_tiporega.v   ;         ;
; main.v                           ; yes             ; User Verilog HDL File        ; /home/aluno/Downloads/RegaAutomaticav3/main.v           ;         ;
; cont_mod4.v                      ; yes             ; User Verilog HDL File        ; /home/aluno/Downloads/RegaAutomaticav3/cont_mod4.v      ;         ;
; DivisorClock.v                   ; yes             ; User Verilog HDL File        ; /home/aluno/Downloads/RegaAutomaticav3/DivisorClock.v   ;         ;
; fft.v                            ; yes             ; User Verilog HDL File        ; /home/aluno/Downloads/RegaAutomaticav3/fft.v            ;         ;
; decode.v                         ; yes             ; User Verilog HDL File        ; /home/aluno/Downloads/RegaAutomaticav3/decode.v         ;         ;
; Seletor_Imagem.v                 ; yes             ; User Verilog HDL File        ; /home/aluno/Downloads/RegaAutomaticav3/Seletor_Imagem.v ;         ;
; mef_adub_limp.v                  ; yes             ; User Verilog HDL File        ; /home/aluno/Downloads/RegaAutomaticav3/mef_adub_limp.v  ;         ;
; decode_cxa.v                     ; yes             ; User Verilog HDL File        ; /home/aluno/Downloads/RegaAutomaticav3/decode_cxa.v     ;         ;
; decode_simb.v                    ; yes             ; User Verilog HDL File        ; /home/aluno/Downloads/RegaAutomaticav3/decode_simb.v    ;         ;
; mux_1x4_normal.v                 ; yes             ; User Verilog HDL File        ; /home/aluno/Downloads/RegaAutomaticav3/mux_1x4_normal.v ;         ;
; fft_rst.v                        ; yes             ; User Verilog HDL File        ; /home/aluno/Downloads/RegaAutomaticav3/fft_rst.v        ;         ;
; demux_1x4.v                      ; yes             ; Auto-Found Verilog HDL File  ; /home/aluno/Downloads/RegaAutomaticav3/demux_1x4.v      ;         ;
+----------------------------------+-----------------+------------------------------+---------------------------------------------------------+---------+


+----------------------------------------------------------------------------------+
; Analysis & Synthesis Resource Usage Summary                                      ;
+---------------------------------------------+------------------------------------+
; Resource                                    ; Usage                              ;
+---------------------------------------------+------------------------------------+
; Total logic elements                        ; 59                                 ;
;     -- Combinational with no register       ; 25                                 ;
;     -- Register only                        ; 0                                  ;
;     -- Combinational with a register        ; 34                                 ;
;                                             ;                                    ;
; Logic element usage by number of LUT inputs ;                                    ;
;     -- 4 input functions                    ; 19                                 ;
;     -- 3 input functions                    ; 5                                  ;
;     -- 2 input functions                    ; 10                                 ;
;     -- 1 input functions                    ; 25                                 ;
;     -- 0 input functions                    ; 0                                  ;
;                                             ;                                    ;
; Logic elements by mode                      ;                                    ;
;     -- normal mode                          ; 59                                 ;
;     -- arithmetic mode                      ; 0                                  ;
;     -- qfbk mode                            ; 0                                  ;
;     -- register cascade mode                ; 0                                  ;
;     -- synchronous clear/load mode          ; 0                                  ;
;     -- asynchronous clear/load mode         ; 6                                  ;
;                                             ;                                    ;
; Total registers                             ; 34                                 ;
; I/O pins                                    ; 27                                 ;
; Maximum fan-out node                        ; cont_mod4:comb_18|fft_rst:comb_9|Q ;
; Maximum fan-out                             ; 15                                 ;
; Total fan-out                               ; 194                                ;
; Average fan-out                             ; 2.26                               ;
+---------------------------------------------+------------------------------------+


+---------------------------------------------------------------------------------------------------------------------------------------------------------------------------------------------------------------------------------------------------------------------------------+
; Analysis & Synthesis Resource Utilization by Entity                                                                                                                                                                                                                             ;
+-----------------------------+-------------+--------------+------------+------+--------------+--------------+-------------------+------------------+-----------------+------------+--------------------------------------------------------------+----------------+--------------+
; Compilation Hierarchy Node  ; Logic Cells ; LC Registers ; UFM Blocks ; Pins ; Virtual Pins ; LUT-Only LCs ; Register-Only LCs ; LUT/Register LCs ; Carry Chain LCs ; Packed LCs ; Full Hierarchy Name                                          ; Entity Name    ; Library Name ;
+-----------------------------+-------------+--------------+------------+------+--------------+--------------+-------------------+------------------+-----------------+------------+--------------------------------------------------------------+----------------+--------------+
; |main                       ; 59 (0)      ; 34           ; 0          ; 27   ; 0            ; 25 (0)       ; 0 (0)             ; 34 (0)           ; 0 (0)           ; 0 (0)      ; |main                                                        ; main           ; work         ;
;    |DivisorClock:comb_9|    ; 24 (0)      ; 24           ; 0          ; 0    ; 0            ; 0 (0)        ; 0 (0)             ; 24 (0)           ; 0 (0)           ; 0 (0)      ; |main|DivisorClock:comb_9                                    ; DivisorClock   ; work         ;
;       |fft:comb_3|          ; 1 (1)       ; 1            ; 0          ; 0    ; 0            ; 0 (0)        ; 0 (0)             ; 1 (1)            ; 0 (0)           ; 0 (0)      ; |main|DivisorClock:comb_9|fft:comb_3                         ; fft            ; work         ;
;       |fft:comb_4|          ; 1 (1)       ; 1            ; 0          ; 0    ; 0            ; 0 (0)        ; 0 (0)             ; 1 (1)            ; 0 (0)           ; 0 (0)      ; |main|DivisorClock:comb_9|fft:comb_4                         ; fft            ; work         ;
;       |fft:div_1024|        ; 1 (1)       ; 1            ; 0          ; 0    ; 0            ; 0 (0)        ; 0 (0)             ; 1 (1)            ; 0 (0)           ; 0 (0)      ; |main|DivisorClock:comb_9|fft:div_1024                       ; fft            ; work         ;
;       |fft:div_1048576|     ; 1 (1)       ; 1            ; 0          ; 0    ; 0            ; 0 (0)        ; 0 (0)             ; 1 (1)            ; 0 (0)           ; 0 (0)      ; |main|DivisorClock:comb_9|fft:div_1048576                    ; fft            ; work         ;
;       |fft:div_128|         ; 1 (1)       ; 1            ; 0          ; 0    ; 0            ; 0 (0)        ; 0 (0)             ; 1 (1)            ; 0 (0)           ; 0 (0)      ; |main|DivisorClock:comb_9|fft:div_128                        ; fft            ; work         ;
;       |fft:div_131072|      ; 1 (1)       ; 1            ; 0          ; 0    ; 0            ; 0 (0)        ; 0 (0)             ; 1 (1)            ; 0 (0)           ; 0 (0)      ; |main|DivisorClock:comb_9|fft:div_131072                     ; fft            ; work         ;
;       |fft:div_16384|       ; 1 (1)       ; 1            ; 0          ; 0    ; 0            ; 0 (0)        ; 0 (0)             ; 1 (1)            ; 0 (0)           ; 0 (0)      ; |main|DivisorClock:comb_9|fft:div_16384                      ; fft            ; work         ;
;       |fft:div_16|          ; 1 (1)       ; 1            ; 0          ; 0    ; 0            ; 0 (0)        ; 0 (0)             ; 1 (1)            ; 0 (0)           ; 0 (0)      ; |main|DivisorClock:comb_9|fft:div_16                         ; fft            ; work         ;
;       |fft:div_2048|        ; 1 (1)       ; 1            ; 0          ; 0    ; 0            ; 0 (0)        ; 0 (0)             ; 1 (1)            ; 0 (0)           ; 0 (0)      ; |main|DivisorClock:comb_9|fft:div_2048                       ; fft            ; work         ;
;       |fft:div_2097152|     ; 1 (1)       ; 1            ; 0          ; 0    ; 0            ; 0 (0)        ; 0 (0)             ; 1 (1)            ; 0 (0)           ; 0 (0)      ; |main|DivisorClock:comb_9|fft:div_2097152                    ; fft            ; work         ;
;       |fft:div_256|         ; 1 (1)       ; 1            ; 0          ; 0    ; 0            ; 0 (0)        ; 0 (0)             ; 1 (1)            ; 0 (0)           ; 0 (0)      ; |main|DivisorClock:comb_9|fft:div_256                        ; fft            ; work         ;
;       |fft:div_262144|      ; 1 (1)       ; 1            ; 0          ; 0    ; 0            ; 0 (0)        ; 0 (0)             ; 1 (1)            ; 0 (0)           ; 0 (0)      ; |main|DivisorClock:comb_9|fft:div_262144                     ; fft            ; work         ;
;       |fft:div_2|           ; 1 (1)       ; 1            ; 0          ; 0    ; 0            ; 0 (0)        ; 0 (0)             ; 1 (1)            ; 0 (0)           ; 0 (0)      ; |main|DivisorClock:comb_9|fft:div_2                          ; fft            ; work         ;
;       |fft:div_32768|       ; 1 (1)       ; 1            ; 0          ; 0    ; 0            ; 0 (0)        ; 0 (0)             ; 1 (1)            ; 0 (0)           ; 0 (0)      ; |main|DivisorClock:comb_9|fft:div_32768                      ; fft            ; work         ;
;       |fft:div_32|          ; 1 (1)       ; 1            ; 0          ; 0    ; 0            ; 0 (0)        ; 0 (0)             ; 1 (1)            ; 0 (0)           ; 0 (0)      ; |main|DivisorClock:comb_9|fft:div_32                         ; fft            ; work         ;
;       |fft:div_4096|        ; 1 (1)       ; 1            ; 0          ; 0    ; 0            ; 0 (0)        ; 0 (0)             ; 1 (1)            ; 0 (0)           ; 0 (0)      ; |main|DivisorClock:comb_9|fft:div_4096                       ; fft            ; work         ;
;       |fft:div_4194304|     ; 1 (1)       ; 1            ; 0          ; 0    ; 0            ; 0 (0)        ; 0 (0)             ; 1 (1)            ; 0 (0)           ; 0 (0)      ; |main|DivisorClock:comb_9|fft:div_4194304                    ; fft            ; work         ;
;       |fft:div_4|           ; 1 (1)       ; 1            ; 0          ; 0    ; 0            ; 0 (0)        ; 0 (0)             ; 1 (1)            ; 0 (0)           ; 0 (0)      ; |main|DivisorClock:comb_9|fft:div_4                          ; fft            ; work         ;
;       |fft:div_512|         ; 1 (1)       ; 1            ; 0          ; 0    ; 0            ; 0 (0)        ; 0 (0)             ; 1 (1)            ; 0 (0)           ; 0 (0)      ; |main|DivisorClock:comb_9|fft:div_512                        ; fft            ; work         ;
;       |fft:div_524288|      ; 1 (1)       ; 1            ; 0          ; 0    ; 0            ; 0 (0)        ; 0 (0)             ; 1 (1)            ; 0 (0)           ; 0 (0)      ; |main|DivisorClock:comb_9|fft:div_524288                     ; fft            ; work         ;
;       |fft:div_64|          ; 1 (1)       ; 1            ; 0          ; 0    ; 0            ; 0 (0)        ; 0 (0)             ; 1 (1)            ; 0 (0)           ; 0 (0)      ; |main|DivisorClock:comb_9|fft:div_64                         ; fft            ; work         ;
;       |fft:div_65536|       ; 1 (1)       ; 1            ; 0          ; 0    ; 0            ; 0 (0)        ; 0 (0)             ; 1 (1)            ; 0 (0)           ; 0 (0)      ; |main|DivisorClock:comb_9|fft:div_65536                      ; fft            ; work         ;
;       |fft:div_8192|        ; 1 (1)       ; 1            ; 0          ; 0    ; 0            ; 0 (0)        ; 0 (0)             ; 1 (1)            ; 0 (0)           ; 0 (0)      ; |main|DivisorClock:comb_9|fft:div_8192                       ; fft            ; work         ;
;       |fft:div_8|           ; 1 (1)       ; 1            ; 0          ; 0    ; 0            ; 0 (0)        ; 0 (0)             ; 1 (1)            ; 0 (0)           ; 0 (0)      ; |main|DivisorClock:comb_9|fft:div_8                          ; fft            ; work         ;
;    |Seletor_Imagem:comb_19| ; 17 (14)     ; 2            ; 0          ; 0    ; 0            ; 15 (14)      ; 0 (0)             ; 2 (0)            ; 0 (0)           ; 0 (0)      ; |main|Seletor_Imagem:comb_19                                 ; Seletor_Imagem ; work         ;
;       |cont_mod4:comb_5|    ; 2 (0)       ; 2            ; 0          ; 0    ; 0            ; 0 (0)        ; 0 (0)             ; 2 (0)            ; 0 (0)           ; 0 (0)      ; |main|Seletor_Imagem:comb_19|cont_mod4:comb_5                ; cont_mod4      ; work         ;
;          |fft_rst:comb_8|   ; 1 (1)       ; 1            ; 0          ; 0    ; 0            ; 0 (0)        ; 0 (0)             ; 1 (1)            ; 0 (0)           ; 0 (0)      ; |main|Seletor_Imagem:comb_19|cont_mod4:comb_5|fft_rst:comb_8 ; fft_rst        ; work         ;
;          |fft_rst:comb_9|   ; 1 (1)       ; 1            ; 0          ; 0    ; 0            ; 0 (0)        ; 0 (0)             ; 1 (1)            ; 0 (0)           ; 0 (0)      ; |main|Seletor_Imagem:comb_19|cont_mod4:comb_5|fft_rst:comb_9 ; fft_rst        ; work         ;
;       |decode:comb_12|      ; 1 (1)       ; 0            ; 0          ; 0    ; 0            ; 1 (1)        ; 0 (0)             ; 0 (0)            ; 0 (0)           ; 0 (0)      ; |main|Seletor_Imagem:comb_19|decode:comb_12                  ; decode         ; work         ;
;    |cont_mod4:comb_18|      ; 3 (0)       ; 2            ; 0          ; 0    ; 0            ; 1 (0)        ; 0 (0)             ; 2 (0)            ; 0 (0)           ; 0 (0)      ; |main|cont_mod4:comb_18                                      ; cont_mod4      ; work         ;
;       |fft_rst:comb_8|      ; 1 (1)       ; 1            ; 0          ; 0    ; 0            ; 0 (0)        ; 0 (0)             ; 1 (1)            ; 0 (0)           ; 0 (0)      ; |main|cont_mod4:comb_18|fft_rst:comb_8                       ; fft_rst        ; work         ;
;       |fft_rst:comb_9|      ; 2 (2)       ; 1            ; 0          ; 0    ; 0            ; 1 (1)        ; 0 (0)             ; 1 (1)            ; 0 (0)           ; 0 (0)      ; |main|cont_mod4:comb_18|fft_rst:comb_9                       ; fft_rst        ; work         ;
;    |mef_adub_limp:comb_22|  ; 12 (12)     ; 4            ; 0          ; 0    ; 0            ; 8 (8)        ; 0 (0)             ; 4 (4)            ; 0 (0)           ; 0 (0)      ; |main|mef_adub_limp:comb_22                                  ; mef_adub_limp  ; work         ;
;    |mef_tiporega:comb_21|   ; 2 (2)       ; 2            ; 0          ; 0    ; 0            ; 0 (0)        ; 0 (0)             ; 2 (2)            ; 0 (0)           ; 0 (0)      ; |main|mef_tiporega:comb_21                                   ; mef_tiporega   ; work         ;
;    |mux_1x4_normal:comb_17| ; 1 (1)       ; 0            ; 0          ; 0    ; 0            ; 1 (1)        ; 0 (0)             ; 0 (0)            ; 0 (0)           ; 0 (0)      ; |main|mux_1x4_normal:comb_17                                 ; mux_1x4_normal ; work         ;
+-----------------------------+-------------+--------------+------------+------+--------------+--------------+-------------------+------------------+-----------------+------------+--------------------------------------------------------------+----------------+--------------+
Note: For table entries with two numbers listed, the numbers in parentheses indicate the number of resources of the given type used by the specific entity alone. The numbers listed outside of parentheses indicate the total resources of the given type used by the specific entity and all of its sub-entities in the hierarchy.


Encoding Type:  One-Hot
+---------------------------------------------------+
; State Machine - |main|mef_adub_limp:comb_22|state ;
+---------+---------+---------+---------+-----------+
; Name    ; state.D ; state.C ; state.B ; state.A   ;
+---------+---------+---------+---------+-----------+
; state.A ; 0       ; 0       ; 0       ; 0         ;
; state.B ; 0       ; 0       ; 1       ; 1         ;
; state.C ; 0       ; 1       ; 0       ; 1         ;
; state.D ; 1       ; 0       ; 0       ; 1         ;
+---------+---------+---------+---------+-----------+


Encoding Type:  One-Hot
+--------------------------------------------------+
; State Machine - |main|mef_tiporega:comb_21|state ;
+---------+---------+---------+---------+----------+
; Name    ; state.D ; state.C ; state.B ; state.A  ;
+---------+---------+---------+---------+----------+
; state.A ; 0       ; 0       ; 0       ; 0        ;
; state.B ; 0       ; 0       ; 1       ; 1        ;
; state.C ; 0       ; 1       ; 0       ; 1        ;
; state.D ; 1       ; 0       ; 0       ; 1        ;
+---------+---------+---------+---------+----------+


+------------------------------------------------------------+
; Registers Removed During Synthesis                         ;
+---------------------------------------+--------------------+
; Register name                         ; Reason for Removal ;
+---------------------------------------+--------------------+
; mef_tiporega:comb_21|state.A          ; Lost fanout        ;
; mef_tiporega:comb_21|state.B          ; Lost fanout        ;
; mef_adub_limp:comb_22|state~4         ; Lost fanout        ;
; mef_adub_limp:comb_22|state~5         ; Lost fanout        ;
; mef_adub_limp:comb_22|state~6         ; Lost fanout        ;
; mef_tiporega:comb_21|state~4          ; Lost fanout        ;
; mef_tiporega:comb_21|state~5          ; Lost fanout        ;
; mef_tiporega:comb_21|state~6          ; Lost fanout        ;
; Total Number of Removed Registers = 8 ;                    ;
+---------------------------------------+--------------------+


+------------------------------------------------------+
; General Register Statistics                          ;
+----------------------------------------------+-------+
; Statistic                                    ; Value ;
+----------------------------------------------+-------+
; Total registers                              ; 34    ;
; Number of registers using Synchronous Clear  ; 0     ;
; Number of registers using Synchronous Load   ; 0     ;
; Number of registers using Asynchronous Clear ; 6     ;
; Number of registers using Asynchronous Load  ; 0     ;
; Number of registers using Clock Enable       ; 0     ;
; Number of registers using Preset             ; 0     ;
+----------------------------------------------+-------+


+--------------------------------------------------------------------------------------------------------------------------------------------------------+
; Multiplexer Restructuring Statistics (Restructuring Performed)                                                                                         ;
+--------------------+-----------+---------------+----------------------+------------------------+------------+------------------------------------------+
; Multiplexer Inputs ; Bus Width ; Baseline Area ; Area if Restructured ; Saving if Restructured ; Registered ; Example Multiplexer Output               ;
+--------------------+-----------+---------------+----------------------+------------------------+------------+------------------------------------------+
; 3:1                ; 2 bits    ; 4 LEs         ; 4 LEs                ; 0 LEs                  ; Yes        ; |main|cont_mod4:comb_18|fft_rst:comb_9|Q ;
; 3:1                ; 2 bits    ; 4 LEs         ; 2 LEs                ; 2 LEs                  ; No         ; |main|mef_tiporega:comb_21|nextstate     ;
+--------------------+-----------+---------------+----------------------+------------------------+------------+------------------------------------------+


+-------------------------------------------------------------------+
; Parameter Settings for User Entity Instance: mef_tiporega:comb_21 ;
+----------------+-------+------------------------------------------+
; Parameter Name ; Value ; Type                                     ;
+----------------+-------+------------------------------------------+
; A              ; 00    ; Unsigned Binary                          ;
; B              ; 01    ; Unsigned Binary                          ;
; C              ; 10    ; Unsigned Binary                          ;
; D              ; 11    ; Unsigned Binary                          ;
+----------------+-------+------------------------------------------+
Note: In order to hide this table in the UI and the text report file, please set the "Show Parameter Settings in Synthesis Report" option in "Analysis and Synthesis Settings -> More Settings" to "Off".


+--------------------------------------------------------------------+
; Parameter Settings for User Entity Instance: mef_adub_limp:comb_22 ;
+----------------+-------+-------------------------------------------+
; Parameter Name ; Value ; Type                                      ;
+----------------+-------+-------------------------------------------+
; A              ; 00    ; Unsigned Binary                           ;
; B              ; 01    ; Unsigned Binary                           ;
; C              ; 10    ; Unsigned Binary                           ;
; D              ; 11    ; Unsigned Binary                           ;
+----------------+-------+-------------------------------------------+
Note: In order to hide this table in the UI and the text report file, please set the "Show Parameter Settings in Synthesis Report" option in "Analysis and Synthesis Settings -> More Settings" to "Off".


+-----------------------------------------------------------------------------------------------------------------+
; Port Connectivity Checks: "Seletor_Imagem:comb_19|decode_simb:comb_14"                                          ;
+-------+--------+----------+-------------------------------------------------------------------------------------+
; Port  ; Type   ; Severity ; Details                                                                             ;
+-------+--------+----------+-------------------------------------------------------------------------------------+
; SEG_P ; Output ; Info     ; Connected to dangling logic. Logic that only feeds a dangling port will be removed. ;
+-------+--------+----------+-------------------------------------------------------------------------------------+


+-----------------------------------------------------------------------------------------------------------------+
; Port Connectivity Checks: "Seletor_Imagem:comb_19|decode_cxa:comb_13"                                           ;
+-------+--------+----------+-------------------------------------------------------------------------------------+
; Port  ; Type   ; Severity ; Details                                                                             ;
+-------+--------+----------+-------------------------------------------------------------------------------------+
; SEG_P ; Output ; Info     ; Connected to dangling logic. Logic that only feeds a dangling port will be removed. ;
+-------+--------+----------+-------------------------------------------------------------------------------------+


+-----------------------------------------------------------------------------------------------------------------------------------------------------------------------------------------------------------------+
; Port Connectivity Checks: "Seletor_Imagem:comb_19|decode:comb_12"                                                                                                                                               ;
+--------+--------+----------+------------------------------------------------------------------------------------------------------------------------------------------------------------------------------------+
; Port   ; Type   ; Severity ; Details                                                                                                                                                                            ;
+--------+--------+----------+------------------------------------------------------------------------------------------------------------------------------------------------------------------------------------+
; C3     ; Input  ; Warning  ; Input port expression (32 bits) is wider than the input port (1 bits) it drives.  The 31 most-significant bit(s) in the expression will be dangling if they have no other fanouts. ;
; C3[-1] ; Input  ; Info     ; Stuck at GND                                                                                                                                                                       ;
; C2     ; Input  ; Warning  ; Input port expression (32 bits) is wider than the input port (1 bits) it drives.  The 31 most-significant bit(s) in the expression will be dangling if they have no other fanouts. ;
; C2[-1] ; Input  ; Info     ; Stuck at GND                                                                                                                                                                       ;
; SEG_P  ; Output ; Info     ; Connected to dangling logic. Logic that only feeds a dangling port will be removed.                                                                                                ;
+--------+--------+----------+------------------------------------------------------------------------------------------------------------------------------------------------------------------------------------+


+-----------------------------------------------------------------------------------------------------------------+
; Port Connectivity Checks: "Seletor_Imagem:comb_19|decode:comb_11"                                               ;
+-------+--------+----------+-------------------------------------------------------------------------------------+
; Port  ; Type   ; Severity ; Details                                                                             ;
+-------+--------+----------+-------------------------------------------------------------------------------------+
; SEG_P ; Output ; Info     ; Connected to dangling logic. Logic that only feeds a dangling port will be removed. ;
+-------+--------+----------+-------------------------------------------------------------------------------------+


+------------------------------------------------------------------------------------------------------------------------------------------------------------------------------------------------------------------+
; Port Connectivity Checks: "Seletor_Imagem:comb_19|cont_mod4:comb_5"                                                                                                                                              ;
+----------+-------+----------+------------------------------------------------------------------------------------------------------------------------------------------------------------------------------------+
; Port     ; Type  ; Severity ; Details                                                                                                                                                                            ;
+----------+-------+----------+------------------------------------------------------------------------------------------------------------------------------------------------------------------------------------+
; Pos0     ; Input ; Warning  ; Input port expression (32 bits) is wider than the input port (1 bits) it drives.  The 31 most-significant bit(s) in the expression will be dangling if they have no other fanouts. ;
; Pos0[-1] ; Input ; Info     ; Stuck at GND                                                                                                                                                                       ;
; Pos3     ; Input ; Warning  ; Input port expression (32 bits) is wider than the input port (1 bits) it drives.  The 31 most-significant bit(s) in the expression will be dangling if they have no other fanouts. ;
; Pos3[-1] ; Input ; Info     ; Stuck at GND                                                                                                                                                                       ;
; Y        ; Input ; Warning  ; Input port expression (32 bits) is wider than the input port (1 bits) it drives.  The 31 most-significant bit(s) in the expression will be dangling if they have no other fanouts. ;
; Y[-1]    ; Input ; Info     ; Stuck at GND                                                                                                                                                                       ;
+----------+-------+----------+------------------------------------------------------------------------------------------------------------------------------------------------------------------------------------+


+-----------------------------------------------------------------------------------------------------------------------------------------------------------------------------------------------------------------+
; Port Connectivity Checks: "Seletor_Imagem:comb_19|demux_1x4:comb_4"                                                                                                                                             ;
+--------+--------+----------+------------------------------------------------------------------------------------------------------------------------------------------------------------------------------------+
; Port   ; Type   ; Severity ; Details                                                                                                                                                                            ;
+--------+--------+----------+------------------------------------------------------------------------------------------------------------------------------------------------------------------------------------+
; in     ; Input  ; Warning  ; Input port expression (32 bits) is wider than the input port (1 bits) it drives.  The 31 most-significant bit(s) in the expression will be dangling if they have no other fanouts. ;
; in[-1] ; Input  ; Info     ; Stuck at GND                                                                                                                                                                       ;
; Out3   ; Output ; Info     ; Connected to dangling logic. Logic that only feeds a dangling port will be removed.                                                                                                ;
+--------+--------+----------+------------------------------------------------------------------------------------------------------------------------------------------------------------------------------------+


+---------------------------------------------------------------------------------------------------------------------------------------------------------------------------------------------------------------+
; Port Connectivity Checks: "cont_mod4:comb_18|fft_rst:comb_8"                                                                                                                                                  ;
+-------+-------+----------+------------------------------------------------------------------------------------------------------------------------------------------------------------------------------------+
; Port  ; Type  ; Severity ; Details                                                                                                                                                                            ;
+-------+-------+----------+------------------------------------------------------------------------------------------------------------------------------------------------------------------------------------+
; T     ; Input ; Warning  ; Input port expression (32 bits) is wider than the input port (1 bits) it drives.  The 31 most-significant bit(s) in the expression will be dangling if they have no other fanouts. ;
; T[-1] ; Input ; Info     ; Stuck at VCC                                                                                                                                                                       ;
+-------+-------+----------+------------------------------------------------------------------------------------------------------------------------------------------------------------------------------------+


+---------------------------------------------------------------------------------------------------------------------------------------------------------------------------------------------------------------+
; Port Connectivity Checks: "DivisorClock:comb_9|fft:comb_4"                                                                                                                                                    ;
+-------+-------+----------+------------------------------------------------------------------------------------------------------------------------------------------------------------------------------------+
; Port  ; Type  ; Severity ; Details                                                                                                                                                                            ;
+-------+-------+----------+------------------------------------------------------------------------------------------------------------------------------------------------------------------------------------+
; T     ; Input ; Warning  ; Input port expression (32 bits) is wider than the input port (1 bits) it drives.  The 31 most-significant bit(s) in the expression will be dangling if they have no other fanouts. ;
; T[-1] ; Input ; Info     ; Stuck at VCC                                                                                                                                                                       ;
+-------+-------+----------+------------------------------------------------------------------------------------------------------------------------------------------------------------------------------------+


+---------------------------------------------------------------------------------------------------------------------------------------------------------------------------------------------------------------+
; Port Connectivity Checks: "DivisorClock:comb_9|fft:comb_3"                                                                                                                                                    ;
+-------+-------+----------+------------------------------------------------------------------------------------------------------------------------------------------------------------------------------------+
; Port  ; Type  ; Severity ; Details                                                                                                                                                                            ;
+-------+-------+----------+------------------------------------------------------------------------------------------------------------------------------------------------------------------------------------+
; T     ; Input ; Warning  ; Input port expression (32 bits) is wider than the input port (1 bits) it drives.  The 31 most-significant bit(s) in the expression will be dangling if they have no other fanouts. ;
; T[-1] ; Input ; Info     ; Stuck at VCC                                                                                                                                                                       ;
+-------+-------+----------+------------------------------------------------------------------------------------------------------------------------------------------------------------------------------------+


+-----------------------------------------------------------------+
; Port Connectivity Checks: "DivisorClock:comb_9|fft:div_4194304" ;
+------+-------+----------+---------------------------------------+
; Port ; Type  ; Severity ; Details                               ;
+------+-------+----------+---------------------------------------+
; T    ; Input ; Info     ; Stuck at VCC                          ;
+------+-------+----------+---------------------------------------+


+-----------------------------------------------------------------+
; Port Connectivity Checks: "DivisorClock:comb_9|fft:div_2097152" ;
+------+-------+----------+---------------------------------------+
; Port ; Type  ; Severity ; Details                               ;
+------+-------+----------+---------------------------------------+
; T    ; Input ; Info     ; Stuck at VCC                          ;
+------+-------+----------+---------------------------------------+


+-----------------------------------------------------------------+
; Port Connectivity Checks: "DivisorClock:comb_9|fft:div_1048576" ;
+------+-------+----------+---------------------------------------+
; Port ; Type  ; Severity ; Details                               ;
+------+-------+----------+---------------------------------------+
; T    ; Input ; Info     ; Stuck at VCC                          ;
+------+-------+----------+---------------------------------------+


+----------------------------------------------------------------+
; Port Connectivity Checks: "DivisorClock:comb_9|fft:div_524288" ;
+------+-------+----------+--------------------------------------+
; Port ; Type  ; Severity ; Details                              ;
+------+-------+----------+--------------------------------------+
; T    ; Input ; Info     ; Stuck at VCC                         ;
+------+-------+----------+--------------------------------------+


+----------------------------------------------------------------+
; Port Connectivity Checks: "DivisorClock:comb_9|fft:div_262144" ;
+------+-------+----------+--------------------------------------+
; Port ; Type  ; Severity ; Details                              ;
+------+-------+----------+--------------------------------------+
; T    ; Input ; Info     ; Stuck at VCC                         ;
+------+-------+----------+--------------------------------------+


+----------------------------------------------------------------+
; Port Connectivity Checks: "DivisorClock:comb_9|fft:div_131072" ;
+------+-------+----------+--------------------------------------+
; Port ; Type  ; Severity ; Details                              ;
+------+-------+----------+--------------------------------------+
; T    ; Input ; Info     ; Stuck at VCC                         ;
+------+-------+----------+--------------------------------------+


+---------------------------------------------------------------+
; Port Connectivity Checks: "DivisorClock:comb_9|fft:div_65536" ;
+------+-------+----------+-------------------------------------+
; Port ; Type  ; Severity ; Details                             ;
+------+-------+----------+-------------------------------------+
; T    ; Input ; Info     ; Stuck at VCC                        ;
+------+-------+----------+-------------------------------------+


+---------------------------------------------------------------+
; Port Connectivity Checks: "DivisorClock:comb_9|fft:div_32768" ;
+------+-------+----------+-------------------------------------+
; Port ; Type  ; Severity ; Details                             ;
+------+-------+----------+-------------------------------------+
; T    ; Input ; Info     ; Stuck at VCC                        ;
+------+-------+----------+-------------------------------------+


+---------------------------------------------------------------+
; Port Connectivity Checks: "DivisorClock:comb_9|fft:div_16384" ;
+------+-------+----------+-------------------------------------+
; Port ; Type  ; Severity ; Details                             ;
+------+-------+----------+-------------------------------------+
; T    ; Input ; Info     ; Stuck at VCC                        ;
+------+-------+----------+-------------------------------------+


+--------------------------------------------------------------+
; Port Connectivity Checks: "DivisorClock:comb_9|fft:div_8192" ;
+------+-------+----------+------------------------------------+
; Port ; Type  ; Severity ; Details                            ;
+------+-------+----------+------------------------------------+
; T    ; Input ; Info     ; Stuck at VCC                       ;
+------+-------+----------+------------------------------------+


+--------------------------------------------------------------+
; Port Connectivity Checks: "DivisorClock:comb_9|fft:div_4096" ;
+------+-------+----------+------------------------------------+
; Port ; Type  ; Severity ; Details                            ;
+------+-------+----------+------------------------------------+
; T    ; Input ; Info     ; Stuck at VCC                       ;
+------+-------+----------+------------------------------------+


+--------------------------------------------------------------+
; Port Connectivity Checks: "DivisorClock:comb_9|fft:div_2048" ;
+------+-------+----------+------------------------------------+
; Port ; Type  ; Severity ; Details                            ;
+------+-------+----------+------------------------------------+
; T    ; Input ; Info     ; Stuck at VCC                       ;
+------+-------+----------+------------------------------------+


+--------------------------------------------------------------+
; Port Connectivity Checks: "DivisorClock:comb_9|fft:div_1024" ;
+------+-------+----------+------------------------------------+
; Port ; Type  ; Severity ; Details                            ;
+------+-------+----------+------------------------------------+
; T    ; Input ; Info     ; Stuck at VCC                       ;
+------+-------+----------+------------------------------------+


+-------------------------------------------------------------+
; Port Connectivity Checks: "DivisorClock:comb_9|fft:div_512" ;
+------+-------+----------+-----------------------------------+
; Port ; Type  ; Severity ; Details                           ;
+------+-------+----------+-----------------------------------+
; T    ; Input ; Info     ; Stuck at VCC                      ;
+------+-------+----------+-----------------------------------+


+-------------------------------------------------------------+
; Port Connectivity Checks: "DivisorClock:comb_9|fft:div_256" ;
+------+-------+----------+-----------------------------------+
; Port ; Type  ; Severity ; Details                           ;
+------+-------+----------+-----------------------------------+
; T    ; Input ; Info     ; Stuck at VCC                      ;
+------+-------+----------+-----------------------------------+


+-------------------------------------------------------------+
; Port Connectivity Checks: "DivisorClock:comb_9|fft:div_128" ;
+------+-------+----------+-----------------------------------+
; Port ; Type  ; Severity ; Details                           ;
+------+-------+----------+-----------------------------------+
; T    ; Input ; Info     ; Stuck at VCC                      ;
+------+-------+----------+-----------------------------------+


+------------------------------------------------------------+
; Port Connectivity Checks: "DivisorClock:comb_9|fft:div_64" ;
+------+-------+----------+----------------------------------+
; Port ; Type  ; Severity ; Details                          ;
+------+-------+----------+----------------------------------+
; T    ; Input ; Info     ; Stuck at VCC                     ;
+------+-------+----------+----------------------------------+


+------------------------------------------------------------+
; Port Connectivity Checks: "DivisorClock:comb_9|fft:div_32" ;
+------+-------+----------+----------------------------------+
; Port ; Type  ; Severity ; Details                          ;
+------+-------+----------+----------------------------------+
; T    ; Input ; Info     ; Stuck at VCC                     ;
+------+-------+----------+----------------------------------+


+------------------------------------------------------------+
; Port Connectivity Checks: "DivisorClock:comb_9|fft:div_16" ;
+------+-------+----------+----------------------------------+
; Port ; Type  ; Severity ; Details                          ;
+------+-------+----------+----------------------------------+
; T    ; Input ; Info     ; Stuck at VCC                     ;
+------+-------+----------+----------------------------------+


+-----------------------------------------------------------+
; Port Connectivity Checks: "DivisorClock:comb_9|fft:div_8" ;
+------+-------+----------+---------------------------------+
; Port ; Type  ; Severity ; Details                         ;
+------+-------+----------+---------------------------------+
; T    ; Input ; Info     ; Stuck at VCC                    ;
+------+-------+----------+---------------------------------+


+-----------------------------------------------------------+
; Port Connectivity Checks: "DivisorClock:comb_9|fft:div_4" ;
+------+-------+----------+---------------------------------+
; Port ; Type  ; Severity ; Details                         ;
+------+-------+----------+---------------------------------+
; T    ; Input ; Info     ; Stuck at VCC                    ;
+------+-------+----------+---------------------------------+


+-----------------------------------------------------------+
; Port Connectivity Checks: "DivisorClock:comb_9|fft:div_2" ;
+------+-------+----------+---------------------------------+
; Port ; Type  ; Severity ; Details                         ;
+------+-------+----------+---------------------------------+
; T    ; Input ; Info     ; Stuck at VCC                    ;
+------+-------+----------+---------------------------------+


+-------------------------------+
; Analysis & Synthesis Messages ;
+-------------------------------+
Info: *******************************************************************
Info: Running Quartus Prime Analysis & Synthesis
    Info: Version 20.1.1 Build 720 11/11/2020 SJ Lite Edition
    Info: Processing started: Wed Jul 24 16:31:28 2024
Info: Command: quartus_map --read_settings_files=on --write_settings_files=off pbl3 -c pbl3
Warning (18236): Number of processors has not been specified which may cause overloading on shared machines.  Set the global assignment NUM_PARALLEL_PROCESSORS in your QSF to an appropriate value for best performance.
Info (20030): Parallel compilation is enabled and will use 6 of the 6 processors detected
Info (12021): Found 1 design units, including 1 entities, in source file Irrigacao.v
    Info (12023): Found entity 1: Irrigacao File: /home/aluno/Downloads/RegaAutomaticav3/Irrigacao.v Line: 2
Info (12021): Found 1 design units, including 1 entities, in source file mef_tiporega.v
    Info (12023): Found entity 1: mef_tiporega File: /home/aluno/Downloads/RegaAutomaticav3/mef_tiporega.v Line: 1
Info (12021): Found 1 design units, including 1 entities, in source file main.v
    Info (12023): Found entity 1: main File: /home/aluno/Downloads/RegaAutomaticav3/main.v Line: 5
Info (12021): Found 1 design units, including 1 entities, in source file cont_mod4.v
    Info (12023): Found entity 1: cont_mod4 File: /home/aluno/Downloads/RegaAutomaticav3/cont_mod4.v Line: 2
Info (12021): Found 1 design units, including 1 entities, in source file flipflopJK.v
    Info (12023): Found entity 1: flipflopJK File: /home/aluno/Downloads/RegaAutomaticav3/flipflopJK.v Line: 3
Info (12021): Found 1 design units, including 1 entities, in source file cont_mod16.v
    Info (12023): Found entity 1: cont_mod16 File: /home/aluno/Downloads/RegaAutomaticav3/cont_mod16.v Line: 3
Info (12021): Found 1 design units, including 1 entities, in source file DivisorClock.v
    Info (12023): Found entity 1: DivisorClock File: /home/aluno/Downloads/RegaAutomaticav3/DivisorClock.v Line: 2
Info (12021): Found 1 design units, including 1 entities, in source file fft.v
    Info (12023): Found entity 1: fft File: /home/aluno/Downloads/RegaAutomaticav3/fft.v Line: 2
Info (12021): Found 1 design units, including 1 entities, in source file decode.v
    Info (12023): Found entity 1: decode File: /home/aluno/Downloads/RegaAutomaticav3/decode.v Line: 3
Info (12021): Found 1 design units, including 1 entities, in source file Seletor_Imagem.v
    Info (12023): Found entity 1: Seletor_Imagem File: /home/aluno/Downloads/RegaAutomaticav3/Seletor_Imagem.v Line: 1
Info (12021): Found 1 design units, including 1 entities, in source file mef_adub_limp.v
    Info (12023): Found entity 1: mef_adub_limp File: /home/aluno/Downloads/RegaAutomaticav3/mef_adub_limp.v Line: 1
Info (12021): Found 1 design units, including 1 entities, in source file decode_cxa.v
    Info (12023): Found entity 1: decode_cxa File: /home/aluno/Downloads/RegaAutomaticav3/decode_cxa.v Line: 3
Info (12021): Found 1 design units, including 1 entities, in source file decode_simb.v
    Info (12023): Found entity 1: decode_simb File: /home/aluno/Downloads/RegaAutomaticav3/decode_simb.v Line: 3
Info (12021): Found 1 design units, including 1 entities, in source file mux_1x4_normal.v
    Info (12023): Found entity 1: mux_1x4_normal File: /home/aluno/Downloads/RegaAutomaticav3/mux_1x4_normal.v Line: 2
Info (12021): Found 1 design units, including 1 entities, in source file cont_mod2.v
    Info (12023): Found entity 1: cont_mod2 File: /home/aluno/Downloads/RegaAutomaticav3/cont_mod2.v Line: 2
Info (12021): Found 1 design units, including 1 entities, in source file fft_rst.v
    Info (12023): Found entity 1: fft_rst File: /home/aluno/Downloads/RegaAutomaticav3/fft_rst.v Line: 2
Info (12021): Found 1 design units, including 1 entities, in source file mux_1x2_normal.v
    Info (12023): Found entity 1: mux_1x2_normal File: /home/aluno/Downloads/RegaAutomaticav3/mux_1x2_normal.v Line: 2
Warning (10236): Verilog HDL Implicit Net warning at main.v(32): created implicit net for "CRn" File: /home/aluno/Downloads/RegaAutomaticav3/main.v Line: 32
Warning (10236): Verilog HDL Implicit Net warning at main.v(33): created implicit net for "ContA3n" File: /home/aluno/Downloads/RegaAutomaticav3/main.v Line: 33
Warning (10236): Verilog HDL Implicit Net warning at cont_mod4.v(12): created implicit net for "Yn" File: /home/aluno/Downloads/RegaAutomaticav3/cont_mod4.v Line: 12
Warning (10236): Verilog HDL Implicit Net warning at cont_mod16.v(18): created implicit net for "Yn" File: /home/aluno/Downloads/RegaAutomaticav3/cont_mod16.v Line: 18
Warning (10236): Verilog HDL Implicit Net warning at cont_mod16.v(20): created implicit net for "Wire0" File: /home/aluno/Downloads/RegaAutomaticav3/cont_mod16.v Line: 20
Warning (10236): Verilog HDL Implicit Net warning at Seletor_Imagem.v(32): created implicit net for "notA2" File: /home/aluno/Downloads/RegaAutomaticav3/Seletor_Imagem.v Line: 32
Warning (10236): Verilog HDL Implicit Net warning at Seletor_Imagem.v(33): created implicit net for "notA3" File: /home/aluno/Downloads/RegaAutomaticav3/Seletor_Imagem.v Line: 33
Warning (10236): Verilog HDL Implicit Net warning at mef_adub_limp.v(27): created implicit net for "Nv2" File: /home/aluno/Downloads/RegaAutomaticav3/mef_adub_limp.v Line: 27
Warning (10236): Verilog HDL Implicit Net warning at decode_cxa.v(10): created implicit net for "Nv2" File: /home/aluno/Downloads/RegaAutomaticav3/decode_cxa.v Line: 10
Warning (10236): Verilog HDL Implicit Net warning at cont_mod2.v(12): created implicit net for "Yn" File: /home/aluno/Downloads/RegaAutomaticav3/cont_mod2.v Line: 12
Warning (10236): Verilog HDL Implicit Net warning at mux_1x2_normal.v(13): created implicit net for "notY" File: /home/aluno/Downloads/RegaAutomaticav3/mux_1x2_normal.v Line: 13
Critical Warning (10846): Verilog HDL Instantiation warning at DivisorClock.v(34): instance has no name File: /home/aluno/Downloads/RegaAutomaticav3/DivisorClock.v Line: 34
Critical Warning (10846): Verilog HDL Instantiation warning at DivisorClock.v(35): instance has no name File: /home/aluno/Downloads/RegaAutomaticav3/DivisorClock.v Line: 35
Critical Warning (10846): Verilog HDL Instantiation warning at main.v(27): instance has no name File: /home/aluno/Downloads/RegaAutomaticav3/main.v Line: 27
Critical Warning (10846): Verilog HDL Instantiation warning at main.v(40): instance has no name File: /home/aluno/Downloads/RegaAutomaticav3/main.v Line: 40
Critical Warning (10846): Verilog HDL Instantiation warning at cont_mod4.v(21): instance has no name File: /home/aluno/Downloads/RegaAutomaticav3/cont_mod4.v Line: 21
Critical Warning (10846): Verilog HDL Instantiation warning at cont_mod4.v(23): instance has no name File: /home/aluno/Downloads/RegaAutomaticav3/cont_mod4.v Line: 23
Critical Warning (10846): Verilog HDL Instantiation warning at main.v(41): instance has no name File: /home/aluno/Downloads/RegaAutomaticav3/main.v Line: 41
Critical Warning (10846): Verilog HDL Instantiation warning at Seletor_Imagem.v(23): instance has no name File: /home/aluno/Downloads/RegaAutomaticav3/Seletor_Imagem.v Line: 23
Critical Warning (10846): Verilog HDL Instantiation warning at Seletor_Imagem.v(26): instance has no name File: /home/aluno/Downloads/RegaAutomaticav3/Seletor_Imagem.v Line: 26
Critical Warning (10846): Verilog HDL Instantiation warning at Seletor_Imagem.v(38): instance has no name File: /home/aluno/Downloads/RegaAutomaticav3/Seletor_Imagem.v Line: 38
Critical Warning (10846): Verilog HDL Instantiation warning at Seletor_Imagem.v(39): instance has no name File: /home/aluno/Downloads/RegaAutomaticav3/Seletor_Imagem.v Line: 39
Critical Warning (10846): Verilog HDL Instantiation warning at Seletor_Imagem.v(40): instance has no name File: /home/aluno/Downloads/RegaAutomaticav3/Seletor_Imagem.v Line: 40
Critical Warning (10846): Verilog HDL Instantiation warning at Seletor_Imagem.v(41): instance has no name File: /home/aluno/Downloads/RegaAutomaticav3/Seletor_Imagem.v Line: 41
Critical Warning (10846): Verilog HDL Instantiation warning at main.v(44): instance has no name File: /home/aluno/Downloads/RegaAutomaticav3/main.v Line: 44
Critical Warning (10846): Verilog HDL Instantiation warning at main.v(47): instance has no name File: /home/aluno/Downloads/RegaAutomaticav3/main.v Line: 47
Critical Warning (10846): Verilog HDL Instantiation warning at main.v(50): instance has no name File: /home/aluno/Downloads/RegaAutomaticav3/main.v Line: 50
Warning (10037): Verilog HDL or VHDL warning at mef_adub_limp.v(66): conditional expression evaluates to a constant File: /home/aluno/Downloads/RegaAutomaticav3/mef_adub_limp.v Line: 66
Critical Warning (10846): Verilog HDL Instantiation warning at main.v(51): instance has no name File: /home/aluno/Downloads/RegaAutomaticav3/main.v Line: 51
Critical Warning (10846): Verilog HDL Instantiation warning at cont_mod16.v(41): instance has no name File: /home/aluno/Downloads/RegaAutomaticav3/cont_mod16.v Line: 41
Critical Warning (10846): Verilog HDL Instantiation warning at cont_mod16.v(42): instance has no name File: /home/aluno/Downloads/RegaAutomaticav3/cont_mod16.v Line: 42
Critical Warning (10846): Verilog HDL Instantiation warning at cont_mod16.v(43): instance has no name File: /home/aluno/Downloads/RegaAutomaticav3/cont_mod16.v Line: 43
Critical Warning (10846): Verilog HDL Instantiation warning at cont_mod16.v(44): instance has no name File: /home/aluno/Downloads/RegaAutomaticav3/cont_mod16.v Line: 44
Critical Warning (10846): Verilog HDL Instantiation warning at cont_mod2.v(29): instance has no name File: /home/aluno/Downloads/RegaAutomaticav3/cont_mod2.v Line: 29
Critical Warning (10846): Verilog HDL Instantiation warning at cont_mod2.v(31): instance has no name File: /home/aluno/Downloads/RegaAutomaticav3/cont_mod2.v Line: 31
Info (12127): Elaborating entity "main" for the top level hierarchy
Warning (10739): Verilog HDL warning at main.v(20): actual bit length 32 differs from formal bit length 1 File: /home/aluno/Downloads/RegaAutomaticav3/main.v Line: 20
Warning (10739): Verilog HDL warning at main.v(21): actual bit length 32 differs from formal bit length 1 File: /home/aluno/Downloads/RegaAutomaticav3/main.v Line: 21
Info (12128): Elaborating entity "DivisorClock" for hierarchy "DivisorClock:comb_9" File: /home/aluno/Downloads/RegaAutomaticav3/main.v Line: 27
Info (12128): Elaborating entity "fft" for hierarchy "DivisorClock:comb_9|fft:div_2" File: /home/aluno/Downloads/RegaAutomaticav3/DivisorClock.v Line: 12
Info (12128): Elaborating entity "mux_1x4_normal" for hierarchy "mux_1x4_normal:comb_17" File: /home/aluno/Downloads/RegaAutomaticav3/main.v Line: 40
Info (12128): Elaborating entity "cont_mod4" for hierarchy "cont_mod4:comb_18" File: /home/aluno/Downloads/RegaAutomaticav3/main.v Line: 41
Info (12128): Elaborating entity "fft_rst" for hierarchy "cont_mod4:comb_18|fft_rst:comb_8" File: /home/aluno/Downloads/RegaAutomaticav3/cont_mod4.v Line: 21
Info (12128): Elaborating entity "Seletor_Imagem" for hierarchy "Seletor_Imagem:comb_19" File: /home/aluno/Downloads/RegaAutomaticav3/main.v Line: 44
Warning (10739): Verilog HDL warning at Seletor_Imagem.v(96): actual bit length 32 differs from formal bit length 1 File: /home/aluno/Downloads/RegaAutomaticav3/Seletor_Imagem.v Line: 96
Warning (12125): Using design file demux_1x4.v, which is not specified as a design file for the current project, but contains definitions for 1 design units and 1 entities in project
    Info (12023): Found entity 1: demux_1x4 File: /home/aluno/Downloads/RegaAutomaticav3/demux_1x4.v Line: 2
Info (12128): Elaborating entity "demux_1x4" for hierarchy "Seletor_Imagem:comb_19|demux_1x4:comb_4" File: /home/aluno/Downloads/RegaAutomaticav3/Seletor_Imagem.v Line: 23
Info (12128): Elaborating entity "decode" for hierarchy "Seletor_Imagem:comb_19|decode:comb_11" File: /home/aluno/Downloads/RegaAutomaticav3/Seletor_Imagem.v Line: 38
Warning (10739): Verilog HDL warning at decode.v(63): actual bit length 32 differs from formal bit length 1 File: /home/aluno/Downloads/RegaAutomaticav3/decode.v Line: 63
Info (12128): Elaborating entity "decode_cxa" for hierarchy "Seletor_Imagem:comb_19|decode_cxa:comb_13" File: /home/aluno/Downloads/RegaAutomaticav3/Seletor_Imagem.v Line: 40
Warning (10739): Verilog HDL warning at decode_cxa.v(20): actual bit length 32 differs from formal bit length 1 File: /home/aluno/Downloads/RegaAutomaticav3/decode_cxa.v Line: 20
Warning (10739): Verilog HDL warning at decode_cxa.v(24): actual bit length 32 differs from formal bit length 1 File: /home/aluno/Downloads/RegaAutomaticav3/decode_cxa.v Line: 24
Warning (10739): Verilog HDL warning at decode_cxa.v(28): actual bit length 32 differs from formal bit length 1 File: /home/aluno/Downloads/RegaAutomaticav3/decode_cxa.v Line: 28
Warning (10739): Verilog HDL warning at decode_cxa.v(36): actual bit length 32 differs from formal bit length 1 File: /home/aluno/Downloads/RegaAutomaticav3/decode_cxa.v Line: 36
Warning (10739): Verilog HDL warning at decode_cxa.v(44): actual bit length 32 differs from formal bit length 1 File: /home/aluno/Downloads/RegaAutomaticav3/decode_cxa.v Line: 44
Info (12128): Elaborating entity "decode_simb" for hierarchy "Seletor_Imagem:comb_19|decode_simb:comb_14" File: /home/aluno/Downloads/RegaAutomaticav3/Seletor_Imagem.v Line: 41
Warning (10739): Verilog HDL warning at decode_simb.v(47): actual bit length 32 differs from formal bit length 1 File: /home/aluno/Downloads/RegaAutomaticav3/decode_simb.v Line: 47
Info (12128): Elaborating entity "Irrigacao" for hierarchy "Irrigacao:comb_20" File: /home/aluno/Downloads/RegaAutomaticav3/main.v Line: 47
Info (12128): Elaborating entity "mef_tiporega" for hierarchy "mef_tiporega:comb_21" File: /home/aluno/Downloads/RegaAutomaticav3/main.v Line: 50
Info (12128): Elaborating entity "mef_adub_limp" for hierarchy "mef_adub_limp:comb_22" File: /home/aluno/Downloads/RegaAutomaticav3/main.v Line: 51
Warning (10030): Net "Nv2" at mef_adub_limp.v(27) has no driver or initial value, using a default initial value '0' File: /home/aluno/Downloads/RegaAutomaticav3/mef_adub_limp.v Line: 27
Warning (12020): Port "ordered port 2" on the entity instantiation of "comb_8" is connected to a signal of width 32. The formal width of the signal in the module is 1.  The extra bits will be ignored. File: /home/aluno/Downloads/RegaAutomaticav3/cont_mod4.v Line: 21
Info (13014): Ignored 1 buffer(s)
    Info (13019): Ignored 1 SOFT buffer(s)
Warning (12241): 6 hierarchies have connectivity warnings - see the Connectivity Checks report folder
Warning (13024): Output pins are stuck at VCC or GND
    Warning (13410): Pin "SEG_D4" is stuck at VCC File: /home/aluno/Downloads/RegaAutomaticav3/main.v Line: 9
    Warning (13410): Pin "SEG_P" is stuck at VCC File: /home/aluno/Downloads/RegaAutomaticav3/main.v Line: 9
Info (17049): 8 registers lost all their fanouts during netlist optimizations.
Warning (21074): Design contains 1 input pin(s) that do not drive logic
    Warning (15610): No output dependent on input pin "T1" File: /home/aluno/Downloads/RegaAutomaticav3/main.v Line: 8
Info (21057): Implemented 86 device resources after synthesis - the final resource count might be different
    Info (21058): Implemented 7 input pins
    Info (21059): Implemented 20 output pins
    Info (21061): Implemented 59 logic cells
Info: Quartus Prime Analysis & Synthesis was successful. 0 errors, 55 warnings
    Info: Peak virtual memory: 339 megabytes
    Info: Processing ended: Wed Jul 24 16:31:33 2024
    Info: Elapsed time: 00:00:05
    Info: Total CPU time (on all processors): 00:00:12


