------------------------------------------------------------
Timing Analyzer Summary
------------------------------------------------------------

Type  : Setup 'Clk'
Slack : -9.250
TNS   : -41.835

Type  : Setup 'cont_mod16:comb_15|fft:comb_24|Q'
Slack : -6.976
TNS   : -13.949

Type  : Setup 'DivisorClock:comb_9|fft:div_2097152|Q'
Slack : -5.696
TNS   : -26.881

Type  : Setup 'Bs'
Slack : -3.503
TNS   : -14.702

Type  : Setup 'DivisorClock:comb_9|fft:div_65536|Q'
Slack : -1.518
TNS   : -3.027

Type  : Setup 'DivisorClock:comb_9|fft:div_131072|Q'
Slack : 0.466
TNS   : 0.000

Type  : Setup 'DivisorClock:comb_9|fft:div_2|Q'
Slack : 0.466
TNS   : 0.000

Type  : Setup 'DivisorClock:comb_9|fft:div_32|Q'
Slack : 0.466
TNS   : 0.000

Type  : Setup 'DivisorClock:comb_9|fft:div_8192|Q'
Slack : 0.466
TNS   : 0.000

Type  : Setup 'DivisorClock:comb_9|fft:div_128|Q'
Slack : 0.467
TNS   : 0.000

Type  : Setup 'DivisorClock:comb_9|fft:div_2048|Q'
Slack : 0.467
TNS   : 0.000

Type  : Setup 'DivisorClock:comb_9|fft:div_32768|Q'
Slack : 0.467
TNS   : 0.000

Type  : Setup 'DivisorClock:comb_9|fft:div_512|Q'
Slack : 0.467
TNS   : 0.000

Type  : Setup 'DivisorClock:comb_9|fft:div_524288|Q'
Slack : 0.467
TNS   : 0.000

Type  : Setup 'DivisorClock:comb_9|fft:div_8|Q'
Slack : 0.467
TNS   : 0.000

Type  : Setup 'DivisorClock:comb_9|fft:div_1048576|Q'
Slack : 0.549
TNS   : 0.000

Type  : Setup 'DivisorClock:comb_9|fft:div_1024|Q'
Slack : 0.808
TNS   : 0.000

Type  : Setup 'DivisorClock:comb_9|fft:div_64|Q'
Slack : 0.808
TNS   : 0.000

Type  : Setup 'DivisorClock:comb_9|fft:div_262144|Q'
Slack : 0.825
TNS   : 0.000

Type  : Setup 'DivisorClock:comb_9|fft:div_4|Q'
Slack : 0.825
TNS   : 0.000

Type  : Setup 'DivisorClock:comb_9|fft:div_256|Q'
Slack : 0.828
TNS   : 0.000

Type  : Setup 'DivisorClock:comb_9|fft:div_16|Q'
Slack : 1.297
TNS   : 0.000

Type  : Setup 'DivisorClock:comb_9|fft:div_16384|Q'
Slack : 1.519
TNS   : 0.000

Type  : Setup 'DivisorClock:comb_9|fft:div_4096|Q'
Slack : 1.841
TNS   : 0.000

Type  : Hold 'Bs'
Slack : -5.275
TNS   : -20.636

Type  : Hold 'DivisorClock:comb_9|fft:div_2097152|Q'
Slack : -3.082
TNS   : -11.409

Type  : Hold 'DivisorClock:comb_9|fft:div_65536|Q'
Slack : -2.108
TNS   : -2.108

Type  : Hold 'DivisorClock:comb_9|fft:div_4096|Q'
Slack : -1.895
TNS   : -1.895

Type  : Hold 'Clk'
Slack : -1.807
TNS   : -1.807

Type  : Hold 'DivisorClock:comb_9|fft:div_16384|Q'
Slack : -1.573
TNS   : -1.573

Type  : Hold 'DivisorClock:comb_9|fft:div_16|Q'
Slack : -1.351
TNS   : -1.351

Type  : Hold 'DivisorClock:comb_9|fft:div_256|Q'
Slack : -0.882
TNS   : -0.882

Type  : Hold 'DivisorClock:comb_9|fft:div_262144|Q'
Slack : -0.879
TNS   : -0.879

Type  : Hold 'DivisorClock:comb_9|fft:div_4|Q'
Slack : -0.879
TNS   : -0.879

Type  : Hold 'DivisorClock:comb_9|fft:div_1024|Q'
Slack : -0.862
TNS   : -0.862

Type  : Hold 'DivisorClock:comb_9|fft:div_64|Q'
Slack : -0.862
TNS   : -0.862

Type  : Hold 'DivisorClock:comb_9|fft:div_1048576|Q'
Slack : -0.603
TNS   : -0.603

Type  : Hold 'DivisorClock:comb_9|fft:div_128|Q'
Slack : -0.521
TNS   : -0.521

Type  : Hold 'DivisorClock:comb_9|fft:div_2048|Q'
Slack : -0.521
TNS   : -0.521

Type  : Hold 'DivisorClock:comb_9|fft:div_32768|Q'
Slack : -0.521
TNS   : -0.521

Type  : Hold 'DivisorClock:comb_9|fft:div_512|Q'
Slack : -0.521
TNS   : -0.521

Type  : Hold 'DivisorClock:comb_9|fft:div_524288|Q'
Slack : -0.521
TNS   : -0.521

Type  : Hold 'DivisorClock:comb_9|fft:div_8|Q'
Slack : -0.521
TNS   : -0.521

Type  : Hold 'DivisorClock:comb_9|fft:div_131072|Q'
Slack : -0.520
TNS   : -0.520

Type  : Hold 'DivisorClock:comb_9|fft:div_2|Q'
Slack : -0.520
TNS   : -0.520

Type  : Hold 'DivisorClock:comb_9|fft:div_32|Q'
Slack : -0.520
TNS   : -0.520

Type  : Hold 'DivisorClock:comb_9|fft:div_8192|Q'
Slack : -0.520
TNS   : -0.520

Type  : Hold 'cont_mod16:comb_15|fft:comb_24|Q'
Slack : 1.702
TNS   : 0.000

Type  : Minimum Pulse Width 'Bs'
Slack : -2.289
TNS   : -2.289

Type  : Minimum Pulse Width 'Clk'
Slack : -2.289
TNS   : -2.289

Type  : Minimum Pulse Width 'DivisorClock:comb_9|fft:div_1024|Q'
Slack : 0.234
TNS   : 0.000

Type  : Minimum Pulse Width 'DivisorClock:comb_9|fft:div_1048576|Q'
Slack : 0.234
TNS   : 0.000

Type  : Minimum Pulse Width 'DivisorClock:comb_9|fft:div_128|Q'
Slack : 0.234
TNS   : 0.000

Type  : Minimum Pulse Width 'DivisorClock:comb_9|fft:div_131072|Q'
Slack : 0.234
TNS   : 0.000

Type  : Minimum Pulse Width 'DivisorClock:comb_9|fft:div_16384|Q'
Slack : 0.234
TNS   : 0.000

Type  : Minimum Pulse Width 'DivisorClock:comb_9|fft:div_16|Q'
Slack : 0.234
TNS   : 0.000

Type  : Minimum Pulse Width 'DivisorClock:comb_9|fft:div_2048|Q'
Slack : 0.234
TNS   : 0.000

Type  : Minimum Pulse Width 'DivisorClock:comb_9|fft:div_2097152|Q'
Slack : 0.234
TNS   : 0.000

Type  : Minimum Pulse Width 'DivisorClock:comb_9|fft:div_256|Q'
Slack : 0.234
TNS   : 0.000

Type  : Minimum Pulse Width 'DivisorClock:comb_9|fft:div_262144|Q'
Slack : 0.234
TNS   : 0.000

Type  : Minimum Pulse Width 'DivisorClock:comb_9|fft:div_2|Q'
Slack : 0.234
TNS   : 0.000

Type  : Minimum Pulse Width 'DivisorClock:comb_9|fft:div_32768|Q'
Slack : 0.234
TNS   : 0.000

Type  : Minimum Pulse Width 'DivisorClock:comb_9|fft:div_32|Q'
Slack : 0.234
TNS   : 0.000

Type  : Minimum Pulse Width 'DivisorClock:comb_9|fft:div_4096|Q'
Slack : 0.234
TNS   : 0.000

Type  : Minimum Pulse Width 'DivisorClock:comb_9|fft:div_4|Q'
Slack : 0.234
TNS   : 0.000

Type  : Minimum Pulse Width 'DivisorClock:comb_9|fft:div_512|Q'
Slack : 0.234
TNS   : 0.000

Type  : Minimum Pulse Width 'DivisorClock:comb_9|fft:div_524288|Q'
Slack : 0.234
TNS   : 0.000

Type  : Minimum Pulse Width 'DivisorClock:comb_9|fft:div_64|Q'
Slack : 0.234
TNS   : 0.000

Type  : Minimum Pulse Width 'DivisorClock:comb_9|fft:div_65536|Q'
Slack : 0.234
TNS   : 0.000

Type  : Minimum Pulse Width 'DivisorClock:comb_9|fft:div_8192|Q'
Slack : 0.234
TNS   : 0.000

Type  : Minimum Pulse Width 'DivisorClock:comb_9|fft:div_8|Q'
Slack : 0.234
TNS   : 0.000

Type  : Minimum Pulse Width 'cont_mod16:comb_15|fft:comb_24|Q'
Slack : 0.234
TNS   : 0.000

------------------------------------------------------------
