------------------------------------------------------------
Timing Analyzer Summary
------------------------------------------------------------

Type  : Setup 'Clk'
Slack : -8.667
TNS   : -42.327

Type  : Setup 'DivisorClock:comb_9|fft:div_2097152|Q'
Slack : -5.445
TNS   : -23.926

Type  : Setup 'cont_mod16:comb_20|fft_rst:comb_24|Q'
Slack : -4.180
TNS   : -8.355

Type  : Setup 'Bs'
Slack : -3.808
TNS   : -15.741

Type  : Setup 'DivisorClock:comb_9|fft:div_65536|Q'
Slack : -1.531
TNS   : -3.043

Type  : Setup 'DivisorClock:comb_9|fft:comb_3|Q'
Slack : -1.193
TNS   : -1.193

Type  : Setup 'DivisorClock:comb_9|fft:div_131072|Q'
Slack : 0.466
TNS   : 0.000

Type  : Setup 'DivisorClock:comb_9|fft:div_2|Q'
Slack : 0.466
TNS   : 0.000

Type  : Setup 'DivisorClock:comb_9|fft:div_128|Q'
Slack : 0.467
TNS   : 0.000

Type  : Setup 'DivisorClock:comb_9|fft:div_2048|Q'
Slack : 0.467
TNS   : 0.000

Type  : Setup 'DivisorClock:comb_9|fft:div_32768|Q'
Slack : 0.467
TNS   : 0.000

Type  : Setup 'DivisorClock:comb_9|fft:div_32|Q'
Slack : 0.467
TNS   : 0.000

Type  : Setup 'DivisorClock:comb_9|fft:div_8|Q'
Slack : 0.467
TNS   : 0.000

Type  : Setup 'DivisorClock:comb_9|fft:div_8192|Q'
Slack : 0.469
TNS   : 0.000

Type  : Setup 'DivisorClock:comb_9|fft:div_4096|Q'
Slack : 0.561
TNS   : 0.000

Type  : Setup 'DivisorClock:comb_9|fft:div_16|Q'
Slack : 0.808
TNS   : 0.000

Type  : Setup 'DivisorClock:comb_9|fft:div_524288|Q'
Slack : 0.809
TNS   : 0.000

Type  : Setup 'DivisorClock:comb_9|fft:div_1048576|Q'
Slack : 0.822
TNS   : 0.000

Type  : Setup 'DivisorClock:comb_9|fft:div_4194304|Q'
Slack : 0.822
TNS   : 0.000

Type  : Setup 'DivisorClock:comb_9|fft:div_1024|Q'
Slack : 0.823
TNS   : 0.000

Type  : Setup 'DivisorClock:comb_9|fft:div_64|Q'
Slack : 0.827
TNS   : 0.000

Type  : Setup 'DivisorClock:comb_9|fft:div_16384|Q'
Slack : 0.838
TNS   : 0.000

Type  : Setup 'DivisorClock:comb_9|fft:div_262144|Q'
Slack : 0.842
TNS   : 0.000

Type  : Setup 'DivisorClock:comb_9|fft:div_256|Q'
Slack : 0.846
TNS   : 0.000

Type  : Setup 'DivisorClock:comb_9|fft:div_4|Q'
Slack : 0.853
TNS   : 0.000

Type  : Setup 'DivisorClock:comb_9|fft:div_512|Q'
Slack : 1.565
TNS   : 0.000

Type  : Hold 'Bs'
Slack : -6.105
TNS   : -20.205

Type  : Hold 'DivisorClock:comb_9|fft:div_2097152|Q'
Slack : -4.468
TNS   : -14.179

Type  : Hold 'DivisorClock:comb_9|fft:div_65536|Q'
Slack : -2.108
TNS   : -2.108

Type  : Hold 'Clk'
Slack : -1.807
TNS   : -1.807

Type  : Hold 'DivisorClock:comb_9|fft:div_512|Q'
Slack : -1.619
TNS   : -1.619

Type  : Hold 'DivisorClock:comb_9|fft:div_4|Q'
Slack : -0.907
TNS   : -0.907

Type  : Hold 'DivisorClock:comb_9|fft:div_256|Q'
Slack : -0.900
TNS   : -0.900

Type  : Hold 'DivisorClock:comb_9|fft:div_262144|Q'
Slack : -0.896
TNS   : -0.896

Type  : Hold 'DivisorClock:comb_9|fft:div_16384|Q'
Slack : -0.892
TNS   : -0.892

Type  : Hold 'DivisorClock:comb_9|fft:div_64|Q'
Slack : -0.881
TNS   : -0.881

Type  : Hold 'DivisorClock:comb_9|fft:div_1024|Q'
Slack : -0.877
TNS   : -0.877

Type  : Hold 'DivisorClock:comb_9|fft:div_1048576|Q'
Slack : -0.876
TNS   : -0.876

Type  : Hold 'DivisorClock:comb_9|fft:div_4194304|Q'
Slack : -0.876
TNS   : -0.876

Type  : Hold 'DivisorClock:comb_9|fft:div_524288|Q'
Slack : -0.863
TNS   : -0.863

Type  : Hold 'DivisorClock:comb_9|fft:div_16|Q'
Slack : -0.862
TNS   : -0.862

Type  : Hold 'DivisorClock:comb_9|fft:div_4096|Q'
Slack : -0.615
TNS   : -0.615

Type  : Hold 'DivisorClock:comb_9|fft:div_8192|Q'
Slack : -0.523
TNS   : -0.523

Type  : Hold 'DivisorClock:comb_9|fft:div_128|Q'
Slack : -0.521
TNS   : -0.521

Type  : Hold 'DivisorClock:comb_9|fft:div_2048|Q'
Slack : -0.521
TNS   : -0.521

Type  : Hold 'DivisorClock:comb_9|fft:div_32768|Q'
Slack : -0.521
TNS   : -0.521

Type  : Hold 'DivisorClock:comb_9|fft:div_32|Q'
Slack : -0.521
TNS   : -0.521

Type  : Hold 'DivisorClock:comb_9|fft:div_8|Q'
Slack : -0.521
TNS   : -0.521

Type  : Hold 'DivisorClock:comb_9|fft:div_131072|Q'
Slack : -0.520
TNS   : -0.520

Type  : Hold 'DivisorClock:comb_9|fft:div_2|Q'
Slack : -0.520
TNS   : -0.520

Type  : Hold 'DivisorClock:comb_9|fft:comb_3|Q'
Slack : 1.639
TNS   : 0.000

Type  : Hold 'cont_mod16:comb_20|fft_rst:comb_24|Q'
Slack : 1.960
TNS   : 0.000

Type  : Minimum Pulse Width 'Bs'
Slack : -2.289
TNS   : -2.289

Type  : Minimum Pulse Width 'Clk'
Slack : -2.289
TNS   : -2.289

Type  : Minimum Pulse Width 'DivisorClock:comb_9|fft:comb_3|Q'
Slack : 0.234
TNS   : 0.000

Type  : Minimum Pulse Width 'DivisorClock:comb_9|fft:div_1024|Q'
Slack : 0.234
TNS   : 0.000

Type  : Minimum Pulse Width 'DivisorClock:comb_9|fft:div_1048576|Q'
Slack : 0.234
TNS   : 0.000

Type  : Minimum Pulse Width 'DivisorClock:comb_9|fft:div_128|Q'
Slack : 0.234
TNS   : 0.000

Type  : Minimum Pulse Width 'DivisorClock:comb_9|fft:div_131072|Q'
Slack : 0.234
TNS   : 0.000

Type  : Minimum Pulse Width 'DivisorClock:comb_9|fft:div_16384|Q'
Slack : 0.234
TNS   : 0.000

Type  : Minimum Pulse Width 'DivisorClock:comb_9|fft:div_16|Q'
Slack : 0.234
TNS   : 0.000

Type  : Minimum Pulse Width 'DivisorClock:comb_9|fft:div_2048|Q'
Slack : 0.234
TNS   : 0.000

Type  : Minimum Pulse Width 'DivisorClock:comb_9|fft:div_2097152|Q'
Slack : 0.234
TNS   : 0.000

Type  : Minimum Pulse Width 'DivisorClock:comb_9|fft:div_256|Q'
Slack : 0.234
TNS   : 0.000

Type  : Minimum Pulse Width 'DivisorClock:comb_9|fft:div_262144|Q'
Slack : 0.234
TNS   : 0.000

Type  : Minimum Pulse Width 'DivisorClock:comb_9|fft:div_2|Q'
Slack : 0.234
TNS   : 0.000

Type  : Minimum Pulse Width 'DivisorClock:comb_9|fft:div_32768|Q'
Slack : 0.234
TNS   : 0.000

Type  : Minimum Pulse Width 'DivisorClock:comb_9|fft:div_32|Q'
Slack : 0.234
TNS   : 0.000

Type  : Minimum Pulse Width 'DivisorClock:comb_9|fft:div_4096|Q'
Slack : 0.234
TNS   : 0.000

Type  : Minimum Pulse Width 'DivisorClock:comb_9|fft:div_4194304|Q'
Slack : 0.234
TNS   : 0.000

Type  : Minimum Pulse Width 'DivisorClock:comb_9|fft:div_4|Q'
Slack : 0.234
TNS   : 0.000

Type  : Minimum Pulse Width 'DivisorClock:comb_9|fft:div_512|Q'
Slack : 0.234
TNS   : 0.000

Type  : Minimum Pulse Width 'DivisorClock:comb_9|fft:div_524288|Q'
Slack : 0.234
TNS   : 0.000

Type  : Minimum Pulse Width 'DivisorClock:comb_9|fft:div_64|Q'
Slack : 0.234
TNS   : 0.000

Type  : Minimum Pulse Width 'DivisorClock:comb_9|fft:div_65536|Q'
Slack : 0.234
TNS   : 0.000

Type  : Minimum Pulse Width 'DivisorClock:comb_9|fft:div_8192|Q'
Slack : 0.234
TNS   : 0.000

Type  : Minimum Pulse Width 'DivisorClock:comb_9|fft:div_8|Q'
Slack : 0.234
TNS   : 0.000

Type  : Minimum Pulse Width 'cont_mod16:comb_20|fft_rst:comb_24|Q'
Slack : 0.234
TNS   : 0.000

------------------------------------------------------------
